../Core/Src/main.c:51:13:servo_set_pulse_us	16	static
../Core/Src/main.c:59:6:servo_set_angle	24	static
../Core/Src/main.c:82:13:motor_set_raw	24	static
../Core/Src/main.c:92:13:motor_set_both	16	static
../Core/Src/main.c:99:13:motor_set_direction	16	static
../Core/Src/main.c:112:13:dwt_init	4	static
../Core/Src/main.c:123:24:micros	4	static
../Core/Src/main.c:130:13:ir_read_black	24	static
../Core/Src/main.c:156:16:ir_read_mask	16	static
../Core/Src/main.c:172:13:us_trigger	16	static,ignoring_inline_asm
../Core/Src/main.c:187:17:us_echo_pulse_us	32	static
../Core/Src/main.c:210:17:us_read_distance_mm	16	static
../Core/Src/main.c:244:13:steering_bang_bang	24	static
../Core/Src/main.c:268:13:control_loop	8	static
../Core/Src/main.c:283:5:main	8	static
../Core/Src/main.c:326:6:SystemClock_Config	96	static
../Core/Src/main.c:368:13:MX_TIM2_Init	48	static
../Core/Src/main.c:415:13:MX_TIM3_Init	48	static
../Core/Src/main.c:467:13:MX_TIM4_Init	40	static
../Core/Src/main.c:512:13:MX_USART2_UART_Init	8	static
../Core/Src/main.c:542:13:MX_GPIO_Init	48	static
../Core/Src/main.c:599:6:Error_Handler	4	static,ignoring_inline_asm
