../Core/Src/main.c:76:13:servo_set_pulse_us	16	static
../Core/Src/main.c:85:6:servo_set_angle	24	static
../Core/Src/main.c:100:13:dwt_init	4	static
../Core/Src/main.c:111:24:micros	4	static
../Core/Src/main.c:118:13:ir_read_black	24	static
../Core/Src/main.c:144:16:ir_read_mask	16	static
../Core/Src/main.c:158:13:us_trigger	16	static,ignoring_inline_asm
../Core/Src/main.c:173:17:us_echo_pulse_us	32	static
../Core/Src/main.c:196:17:us_read_distance_mm	16	static
../Core/Src/main.c:219:5:main	8	static
../Core/Src/main.c:285:6:SystemClock_Config	96	static
../Core/Src/main.c:335:13:MX_TIM2_Init	48	static
../Core/Src/main.c:387:13:MX_TIM3_Init	48	static
../Core/Src/main.c:437:13:MX_TIM4_Init	40	static
../Core/Src/main.c:487:13:MX_USART2_UART_Init	8	static
../Core/Src/main.c:522:13:MX_GPIO_Init	48	static
../Core/Src/main.c:583:6:Error_Handler	4	static,ignoring_inline_asm
