../Core/Src/main.c:48:13:servo_set_pulse_us	16	static
../Core/Src/main.c:55:13:servo_set_angle	24	static
../Core/Src/main.c:74:13:motor_set_raw	24	static
../Core/Src/main.c:81:13:motor_set_both	16	static
../Core/Src/main.c:87:13:motor_set_direction	16	static
../Core/Src/main.c:122:13:ir_read_black	24	static
../Core/Src/main.c:139:16:ir_read_mask	16	static
../Core/Src/main.c:155:13:dwt_init	4	static
../Core/Src/main.c:162:24:micros	4	static
../Core/Src/main.c:168:13:us_trigger	16	static,ignoring_inline_asm
../Core/Src/main.c:180:17:us_echo_pulse_us	32	static
../Core/Src/main.c:200:17:us_read_distance_mm	16	static
../Core/Src/main.c:230:13:steering_bang_bang_6	40	static
../Core/Src/main.c:280:13:control_loop	8	static
../Core/Src/main.c:293:5:main	8	static
../Core/Src/main.c:322:6:SystemClock_Config	96	static
../Core/Src/main.c:361:13:MX_TIM2_Init	48	static
../Core/Src/main.c:398:13:MX_TIM3_Init	48	static
../Core/Src/main.c:440:13:MX_TIM4_Init	40	static
../Core/Src/main.c:475:13:MX_USART2_UART_Init	8	static
../Core/Src/main.c:494:13:MX_GPIO_Init	48	static
../Core/Src/main.c:537:6:Error_Handler	4	static,ignoring_inline_asm
